// Jest Snapshot v1, https://goo.gl/fbAQLP

exports[`RatingComponent should initialize the RatingComponent 1`] = `
<rating
  rating={[Function Object]}
  ratingProvider={[Function Object]}
  setRating={[Function EventEmitter]}
  size={[Function String]}
  toastProvider={[Function ToastProvider]}
>
  <ion-row>
    <div />
    <div />
    <div />
    <div />
    <div />
  </ion-row>
</rating>
`;
