// Jest Snapshot v1, https://goo.gl/fbAQLP

exports[`BeerItemComponent should initialize the BeerItemComponent and match snapshot 1`] = `
<beer-item>
  
  <div
    class="pointer"
  >
    
    
    <ion-row>
      
      
      <ion-col
        col-9=""
        text-left=""
      >
        
        
        <h1>
          
        </h1>
        
      
      </ion-col>
      
      
      <ion-col
        col-3=""
        text-right=""
      >
        
        
        
        
      
      </ion-col>
      
    
    </ion-row>
    
  
    
    <ion-row>
      
      
      <ion-col
        col-9=""
        text-left=""
      >
        
        
        <p>
          Your rating:
        </p>
        
      
      </ion-col>
      
    
    </ion-row>
    
  
    
    <ion-row>
      
      
      <ion-col
        col-8=""
      >
        
        
        <rating>
          
  
          <ion-row>
            
    
            <div />
            
    
            <div />
            
    
            <div />
            
    
            <div />
            
    
            <div />
            
  
          </ion-row>
          
  
        </rating>
        
      
      </ion-col>
      
  
      
      <ion-col
        col-2=""
        text-right=""
      >
        
        
        
        
        
        
        
        
        <p>
          <strong>
            ABV
          </strong>
        </p>
        
      
      </ion-col>
      
  
      
      <ion-col
        col-2=""
        text-right=""
      >
        
        
        
        
        
        
        
        
        <p>
          <strong>
            IBU
          </strong>
        </p>
        
      
      </ion-col>
      
    
    </ion-row>
    
    
    <hr />
    
  
  </div>
  
</beer-item>
`;
