// Jest Snapshot v1, https://goo.gl/fbAQLP

exports[`BeerFavoriteInfoPage should initialize the BeerFavoriteInfoPage 1`] = `
<page-go-to-beer-favorite-info>
  <ion-header>
    <draught-header />
  </ion-header><ion-content>
    <ion-row>
      <ion-col
        class="below-header ion-text-center"
        offsetlg="3"
        offsetmd="2"
        offsetsm="1"
        offsetxl="4"
        size="12"
        sizelg="6"
        sizemd="8"
        sizesm="10"
        sizexl="4"
      >
        <h1>
          Description of Favorite Beer(s) Tips
        </h1>
        <p
          class="ion-text-left ion-margin"
        >
           Please describe positive facts about your favorite beers rather than negative facts to get the best results!
        </p>
        <ion-row>
          <ion-col>
            <ion-row>
              <ion-col
                class="ion-text-left"
              >
                <p>
                  <b>
                    Good Example:
                  </b>
                  <br />
                </p>
                <p>
                  "I enjoy the taste of Bud Light and sour lagers."
                </p>
              </ion-col>
            </ion-row>
            <ion-row>
              <ion-col
                class="ion-text-left"
              >
                <p>
                  <b>
                    Bad Example:
                  </b>
                  <br />
                </p>
                <p>
                  "I do not like sweet and light beers."
                </p>
              </ion-col>
            </ion-row>
          </ion-col>
        </ion-row>
        <br />
        <a
          class="backToProfile"
          routerdirection="back"
          routerlink="/tabs/beer-profile"
        >
          Back To Your Profile
        </a>
      </ion-col>
    </ion-row>
  </ion-content>
</page-go-to-beer-favorite-info>
`;
