// Jest Snapshot v1, https://goo.gl/fbAQLP

exports[`ResendEmailPage should initialize the ResendEmailPage 1`] = `
<page-resend-email
  emailForm={[Function FormGroup]}
  formBuilder={[Function FormBuilder]}
  navCtrl={[Function Object]}
  toastProvider={[Function Object]}
  userProvider={[Function Object]}
>
  <ion-header>
    <draught-header />
  </ion-header><ion-content>
    <ion-row>
      <ion-col
        class="ion-text-center"
        offsetlg="3"
        offsetmd="3"
        offsetsm="1"
        offsetxl="4"
        size="12"
        sizelg="6"
        sizemd="6"
        sizesm="10"
        sizexl="4"
      >
        <form>
          <h1>
            Resend Email
          </h1>
          <br />
          <p>
            Please enter the email address below:
          </p>
          <ion-item>
            <ion-label
              class="ion-text-left"
              position="floating"
            >
              Email
            </ion-label>
            <ion-input
              formcontrolname="email"
              type="text"
            />
          </ion-item>
        </form>
        <ion-button
          margin-top="20px"
        >
           Submit 
        </ion-button>
      </ion-col>
    </ion-row>
  </ion-content>
</page-resend-email>
`;
