// Jest Snapshot v1, https://goo.gl/fbAQLP

exports[`AbvInfoPage should initialize the AbvInfoPage 1`] = `
<page-abv-info>
  <ion-header>
    <draught-header />
  </ion-header><ion-content>
    <ion-row>
      <ion-col
        class="below-header ion-text-center"
        offsetlg="3"
        offsetmd="2"
        offsetsm="1"
        offsetxl="4"
        size="12"
        sizelg="6"
        sizemd="8"
        sizesm="10"
        sizexl="4"
      >
        <h1>
          Alcohol By Volume (ABV)
        </h1>
        <p
          class="ion-margin"
        >
          Alcohol by Volume (ABV or "proof"), is defined as the standard measure of how much alcohol is put in an alcoholic drink. It is measured as a percentage between 0-100% and is found on most alcoholic beverage labels. The higher percentage on the label, the more alcohol is in the drink.
        </p>
        <p>
          <b>
            <u>
              Example ABV for beers:
            </u>
          </b>
        </p>
        <ion-row>
          <ion-col
            offset="1"
          >
            <ion-row>
              <ion-col
                class="ion-text-left"
              >
                Bud Light:
              </ion-col>
              <ion-col
                class="ion-text-left"
              >
                4.10% - 4.20%
              </ion-col>
            </ion-row>
            <ion-row>
              <ion-col
                class="ion-text-left"
              >
                Harp Lager:
              </ion-col>
              <ion-col
                class="ion-text-left"
              >
                5.10% - 5.20%
              </ion-col>
            </ion-row>
            <ion-row>
              <ion-col
                class="ion-text-left"
              >
                Blue Moon Belgian White:
              </ion-col>
              <ion-col
                class="ion-text-left"
              >
                5.36% - 5.4%
              </ion-col>
            </ion-row>
          </ion-col>
        </ion-row>
        <p>
          This information was summarized by the following links:
        </p>
        <li>
          <a
            href="http://www.efficientdrinker.com/beer/50beer_print.html"
            target="_blank"
          >
            http://www.efficientdrinker.com/beer/50beer_print.html
          </a>
        </li>
        <br />
        <li>
          <a
            href="https://craftbeeracademy.com/how-to-determine-abv/"
            target="_blank"
          >
            https://craftbeeracademy.com/how-to-determine-abv/
          </a>
        </li>
        <br />
        <li
          class="ion-margin-bottom"
        >
          <a
            href="https://en.wikipedia.org/wiki/Alcohol_by_volume"
            target="_blank"
          >
            https://en.wikipedia.org/wiki/Alcohol_by_volume
          </a>
        </li>
        <br />
        <a
          class="backToPreferences"
          routerdirection="back"
          routerlink="/tabs/preferences"
        >
          Back to your Preferences
        </a>
      </ion-col>
    </ion-row>
  </ion-content>
</page-abv-info>
`;
