// Jest Snapshot v1, https://goo.gl/fbAQLP

exports[`EmailSentPage should initialize the component 1`] = `
<page-email-sent
  navCtrl={[Function Object]}
  resend={[Function Function]}
>
  
  
  <draught-header />
  
  <ion-content>
    
    
    <ion-row>
      
      
      <ion-col
        class="below-header"
        col-12=""
        col-lg-6=""
        col-md-8=""
        col-sm-10=""
        col-xl-4=""
        offset-lg-3=""
        offset-md-2=""
        offset-sm-1=""
        offset-xl-4=""
        text-center=""
      >
        
        
        <h1>
          Email Sent
        </h1>
        
        
        <div
          class="justify"
        >
          
          
          <p
            margin=""
          >
            
            An email has been sent to the address you provided. Please use the link in the email to confirm your ownership of the email address.
          
          </p>
          
          
          <p
            margin=""
          >
            
            The link in the email is good for 24 hours.
          
          </p>
          
  
          
          <p
            margin=""
          >
            
            If you have trouble confirming the email click 
            <a>
              this link to resend it
            </a>
            .
          
          </p>
          
        
        </div>
        
      
      </ion-col>
      
    
    </ion-row>
    
  
  
  </ion-content>
  
</page-email-sent>
`;
